Warning: You are sending unauthenticated requests to the HF Hub. Please set a HF_TOKEN to enable higher rate limits and faster downloads.
device: mps

=== fold 0 ===
Loading weights:   0%|          | 0/199 [00:00<?, ?it/s]Loading weights: 100%|██████████| 199/199 [00:00<00:00, 76899.44it/s]
[transformers] [1mBertModel LOAD REPORT[0m from: google/muril-base-cased
Key                                        | Status     |  | 
-------------------------------------------+------------+--+-
cls.predictions.transform.dense.bias       | UNEXPECTED |  | 
cls.predictions.transform.LayerNorm.bias   | UNEXPECTED |  | 
cls.predictions.transform.LayerNorm.weight | UNEXPECTED |  | 
cls.seq_relationship.weight                | UNEXPECTED |  | 
cls.predictions.transform.dense.weight     | UNEXPECTED |  | 
cls.predictions.bias                       | UNEXPECTED |  | 
cls.predictions.decoder.weight             | UNEXPECTED |  | 
cls.predictions.decoder.bias               | UNEXPECTED |  | 
cls.seq_relationship.bias                  | UNEXPECTED |  | 

Notes:
- UNEXPECTED:	can be ignored when loading from different task/architecture; not ok if you expect identical arch.
The OrderedVocab you are attempting to save contains holes for indices [202, 437, 1046, 1057, 1118, 1135, 1150, 1162, 1318, 1445, 1473, 1610, 1626, 1775, 3517, 3643, 4513, 5830, 7834, 12787, 13244, 19712, 25184, 27726, 28024, 31739, 65274], your vocabulary could be corrupted!
The OrderedVocab you are attempting to save contains holes for indices [202, 437, 1046, 1057, 1118, 1135, 1150, 1162, 1318, 1445, 1473, 1610, 1626, 1775, 3517, 3643, 4513, 5830, 7834, 12787, 13244, 19712, 25184, 27726, 28024, 31739, 65274], your vocabulary could be corrupted!
The OrderedVocab you are attempting to save contains holes for indices [202, 437, 1046, 1057, 1118, 1135, 1150, 1162, 1318, 1445, 1473, 1610, 1626, 1775, 3517, 3643, 4513, 5830, 7834, 12787, 13244, 19712, 25184, 27726, 28024, 31739, 65274], your vocabulary could be corrupted!
The OrderedVocab you are attempting to save contains holes for indices [202, 437, 1046, 1057, 1118, 1135, 1150, 1162, 1318, 1445, 1473, 1610, 1626, 1775, 3517, 3643, 4513, 5830, 7834, 12787, 13244, 19712, 25184, 27726, 28024, 31739, 65274], your vocabulary could be corrupted!
fold 0 epoch 0: train_loss=2.9379 val_f1_l1=0.0385 val_f1_l2=0.3350 (35.5s)
The OrderedVocab you are attempting to save contains holes for indices [202, 437, 1046, 1057, 1118, 1135, 1150, 1162, 1318, 1445, 1473, 1610, 1626, 1775, 3517, 3643, 4513, 5830, 7834, 12787, 13244, 19712, 25184, 27726, 28024, 31739, 65274], your vocabulary could be corrupted!
The OrderedVocab you are attempting to save contains holes for indices [202, 437, 1046, 1057, 1118, 1135, 1150, 1162, 1318, 1445, 1473, 1610, 1626, 1775, 3517, 3643, 4513, 5830, 7834, 12787, 13244, 19712, 25184, 27726, 28024, 31739, 65274], your vocabulary could be corrupted!
The OrderedVocab you are attempting to save contains holes for indices [202, 437, 1046, 1057, 1118, 1135, 1150, 1162, 1318, 1445, 1473, 1610, 1626, 1775, 3517, 3643, 4513, 5830, 7834, 12787, 13244, 19712, 25184, 27726, 28024, 31739, 65274], your vocabulary could be corrupted!
The OrderedVocab you are attempting to save contains holes for indices [202, 437, 1046, 1057, 1118, 1135, 1150, 1162, 1318, 1445, 1473, 1610, 1626, 1775, 3517, 3643, 4513, 5830, 7834, 12787, 13244, 19712, 25184, 27726, 28024, 31739, 65274], your vocabulary could be corrupted!
fold 0 epoch 1: train_loss=1.9508 val_f1_l1=0.0385 val_f1_l2=0.2698 (34.5s)
The OrderedVocab you are attempting to save contains holes for indices [202, 437, 1046, 1057, 1118, 1135, 1150, 1162, 1318, 1445, 1473, 1610, 1626, 1775, 3517, 3643, 4513, 5830, 7834, 12787, 13244, 19712, 25184, 27726, 28024, 31739, 65274], your vocabulary could be corrupted!
The OrderedVocab you are attempting to save contains holes for indices [202, 437, 1046, 1057, 1118, 1135, 1150, 1162, 1318, 1445, 1473, 1610, 1626, 1775, 3517, 3643, 4513, 5830, 7834, 12787, 13244, 19712, 25184, 27726, 28024, 31739, 65274], your vocabulary could be corrupted!
The OrderedVocab you are attempting to save contains holes for indices [202, 437, 1046, 1057, 1118, 1135, 1150, 1162, 1318, 1445, 1473, 1610, 1626, 1775, 3517, 3643, 4513, 5830, 7834, 12787, 13244, 19712, 25184, 27726, 28024, 31739, 65274], your vocabulary could be corrupted!
The OrderedVocab you are attempting to save contains holes for indices [202, 437, 1046, 1057, 1118, 1135, 1150, 1162, 1318, 1445, 1473, 1610, 1626, 1775, 3517, 3643, 4513, 5830, 7834, 12787, 13244, 19712, 25184, 27726, 28024, 31739, 65274], your vocabulary could be corrupted!
fold 0 epoch 2: train_loss=1.7129 val_f1_l1=0.4685 val_f1_l2=0.3156 (34.5s)
The OrderedVocab you are attempting to save contains holes for indices [202, 437, 1046, 1057, 1118, 1135, 1150, 1162, 1318, 1445, 1473, 1610, 1626, 1775, 3517, 3643, 4513, 5830, 7834, 12787, 13244, 19712, 25184, 27726, 28024, 31739, 65274], your vocabulary could be corrupted!
The OrderedVocab you are attempting to save contains holes for indices [202, 437, 1046, 1057, 1118, 1135, 1150, 1162, 1318, 1445, 1473, 1610, 1626, 1775, 3517, 3643, 4513, 5830, 7834, 12787, 13244, 19712, 25184, 27726, 28024, 31739, 65274], your vocabulary could be corrupted!
The OrderedVocab you are attempting to save contains holes for indices [202, 437, 1046, 1057, 1118, 1135, 1150, 1162, 1318, 1445, 1473, 1610, 1626, 1775, 3517, 3643, 4513, 5830, 7834, 12787, 13244, 19712, 25184, 27726, 28024, 31739, 65274], your vocabulary could be corrupted!
The OrderedVocab you are attempting to save contains holes for indices [202, 437, 1046, 1057, 1118, 1135, 1150, 1162, 1318, 1445, 1473, 1610, 1626, 1775, 3517, 3643, 4513, 5830, 7834, 12787, 13244, 19712, 25184, 27726, 28024, 31739, 65274], your vocabulary could be corrupted!
fold 0 epoch 3: train_loss=1.4114 val_f1_l1=0.6299 val_f1_l2=0.2103 (34.9s)
The OrderedVocab you are attempting to save contains holes for indices [202, 437, 1046, 1057, 1118, 1135, 1150, 1162, 1318, 1445, 1473, 1610, 1626, 1775, 3517, 3643, 4513, 5830, 7834, 12787, 13244, 19712, 25184, 27726, 28024, 31739, 65274], your vocabulary could be corrupted!
The OrderedVocab you are attempting to save contains holes for indices [202, 437, 1046, 1057, 1118, 1135, 1150, 1162, 1318, 1445, 1473, 1610, 1626, 1775, 3517, 3643, 4513, 5830, 7834, 12787, 13244, 19712, 25184, 27726, 28024, 31739, 65274], your vocabulary could be corrupted!
The OrderedVocab you are attempting to save contains holes for indices [202, 437, 1046, 1057, 1118, 1135, 1150, 1162, 1318, 1445, 1473, 1610, 1626, 1775, 3517, 3643, 4513, 5830, 7834, 12787, 13244, 19712, 25184, 27726, 28024, 31739, 65274], your vocabulary could be corrupted!
The OrderedVocab you are attempting to save contains holes for indices [202, 437, 1046, 1057, 1118, 1135, 1150, 1162, 1318, 1445, 1473, 1610, 1626, 1775, 3517, 3643, 4513, 5830, 7834, 12787, 13244, 19712, 25184, 27726, 28024, 31739, 65274], your vocabulary could be corrupted!
fold 0 epoch 4: train_loss=1.1318 val_f1_l1=0.5116 val_f1_l2=0.4124 (35.0s)
The OrderedVocab you are attempting to save contains holes for indices [202, 437, 1046, 1057, 1118, 1135, 1150, 1162, 1318, 1445, 1473, 1610, 1626, 1775, 3517, 3643, 4513, 5830, 7834, 12787, 13244, 19712, 25184, 27726, 28024, 31739, 65274], your vocabulary could be corrupted!
The OrderedVocab you are attempting to save contains holes for indices [202, 437, 1046, 1057, 1118, 1135, 1150, 1162, 1318, 1445, 1473, 1610, 1626, 1775, 3517, 3643, 4513, 5830, 7834, 12787, 13244, 19712, 25184, 27726, 28024, 31739, 65274], your vocabulary could be corrupted!
The OrderedVocab you are attempting to save contains holes for indices [202, 437, 1046, 1057, 1118, 1135, 1150, 1162, 1318, 1445, 1473, 1610, 1626, 1775, 3517, 3643, 4513, 5830, 7834, 12787, 13244, 19712, 25184, 27726, 28024, 31739, 65274], your vocabulary could be corrupted!
The OrderedVocab you are attempting to save contains holes for indices [202, 437, 1046, 1057, 1118, 1135, 1150, 1162, 1318, 1445, 1473, 1610, 1626, 1775, 3517, 3643, 4513, 5830, 7834, 12787, 13244, 19712, 25184, 27726, 28024, 31739, 65274], your vocabulary could be corrupted!
fold 0 epoch 5: train_loss=0.8705 val_f1_l1=0.5567 val_f1_l2=0.3308 (34.7s)
The OrderedVocab you are attempting to save contains holes for indices [202, 437, 1046, 1057, 1118, 1135, 1150, 1162, 1318, 1445, 1473, 1610, 1626, 1775, 3517, 3643, 4513, 5830, 7834, 12787, 13244, 19712, 25184, 27726, 28024, 31739, 65274], your vocabulary could be corrupted!
The OrderedVocab you are attempting to save contains holes for indices [202, 437, 1046, 1057, 1118, 1135, 1150, 1162, 1318, 1445, 1473, 1610, 1626, 1775, 3517, 3643, 4513, 5830, 7834, 12787, 13244, 19712, 25184, 27726, 28024, 31739, 65274], your vocabulary could be corrupted!
The OrderedVocab you are attempting to save contains holes for indices [202, 437, 1046, 1057, 1118, 1135, 1150, 1162, 1318, 1445, 1473, 1610, 1626, 1775, 3517, 3643, 4513, 5830, 7834, 12787, 13244, 19712, 25184, 27726, 28024, 31739, 65274], your vocabulary could be corrupted!
The OrderedVocab you are attempting to save contains holes for indices [202, 437, 1046, 1057, 1118, 1135, 1150, 1162, 1318, 1445, 1473, 1610, 1626, 1775, 3517, 3643, 4513, 5830, 7834, 12787, 13244, 19712, 25184, 27726, 28024, 31739, 65274], your vocabulary could be corrupted!
fold 0 epoch 6: train_loss=0.8055 val_f1_l1=0.4681 val_f1_l2=0.3209 (34.9s)
The OrderedVocab you are attempting to save contains holes for indices [202, 437, 1046, 1057, 1118, 1135, 1150, 1162, 1318, 1445, 1473, 1610, 1626, 1775, 3517, 3643, 4513, 5830, 7834, 12787, 13244, 19712, 25184, 27726, 28024, 31739, 65274], your vocabulary could be corrupted!
The OrderedVocab you are attempting to save contains holes for indices [202, 437, 1046, 1057, 1118, 1135, 1150, 1162, 1318, 1445, 1473, 1610, 1626, 1775, 3517, 3643, 4513, 5830, 7834, 12787, 13244, 19712, 25184, 27726, 28024, 31739, 65274], your vocabulary could be corrupted!
The OrderedVocab you are attempting to save contains holes for indices [202, 437, 1046, 1057, 1118, 1135, 1150, 1162, 1318, 1445, 1473, 1610, 1626, 1775, 3517, 3643, 4513, 5830, 7834, 12787, 13244, 19712, 25184, 27726, 28024, 31739, 65274], your vocabulary could be corrupted!
The OrderedVocab you are attempting to save contains holes for indices [202, 437, 1046, 1057, 1118, 1135, 1150, 1162, 1318, 1445, 1473, 1610, 1626, 1775, 3517, 3643, 4513, 5830, 7834, 12787, 13244, 19712, 25184, 27726, 28024, 31739, 65274], your vocabulary could be corrupted!
fold 0 epoch 7: train_loss=0.8236 val_f1_l1=0.4737 val_f1_l2=0.3633 (35.1s)

=== fold 1 ===
Loading weights:   0%|          | 0/199 [00:00<?, ?it/s]Loading weights: 100%|██████████| 199/199 [00:00<00:00, 34583.24it/s]
[transformers] [1mBertModel LOAD REPORT[0m from: google/muril-base-cased
Key                                        | Status     |  | 
-------------------------------------------+------------+--+-
cls.predictions.transform.dense.bias       | UNEXPECTED |  | 
cls.predictions.transform.LayerNorm.bias   | UNEXPECTED |  | 
cls.predictions.transform.LayerNorm.weight | UNEXPECTED |  | 
cls.seq_relationship.weight                | UNEXPECTED |  | 
cls.predictions.transform.dense.weight     | UNEXPECTED |  | 
cls.predictions.bias                       | UNEXPECTED |  | 
cls.predictions.decoder.weight             | UNEXPECTED |  | 
cls.predictions.decoder.bias               | UNEXPECTED |  | 
cls.seq_relationship.bias                  | UNEXPECTED |  | 

Notes:
- UNEXPECTED:	can be ignored when loading from different task/architecture; not ok if you expect identical arch.
The OrderedVocab you are attempting to save contains holes for indices [202, 437, 1046, 1057, 1118, 1135, 1150, 1162, 1318, 1445, 1473, 1610, 1626, 1775, 3517, 3643, 4513, 5830, 7834, 12787, 13244, 19712, 25184, 27726, 28024, 31739, 65274], your vocabulary could be corrupted!
The OrderedVocab you are attempting to save contains holes for indices [202, 437, 1046, 1057, 1118, 1135, 1150, 1162, 1318, 1445, 1473, 1610, 1626, 1775, 3517, 3643, 4513, 5830, 7834, 12787, 13244, 19712, 25184, 27726, 28024, 31739, 65274], your vocabulary could be corrupted!
The OrderedVocab you are attempting to save contains holes for indices [202, 437, 1046, 1057, 1118, 1135, 1150, 1162, 1318, 1445, 1473, 1610, 1626, 1775, 3517, 3643, 4513, 5830, 7834, 12787, 13244, 19712, 25184, 27726, 28024, 31739, 65274], your vocabulary could be corrupted!
The OrderedVocab you are attempting to save contains holes for indices [202, 437, 1046, 1057, 1118, 1135, 1150, 1162, 1318, 1445, 1473, 1610, 1626, 1775, 3517, 3643, 4513, 5830, 7834, 12787, 13244, 19712, 25184, 27726, 28024, 31739, 65274], your vocabulary could be corrupted!
fold 1 epoch 0: train_loss=3.0890 val_f1_l1=0.4898 val_f1_l2=0.2651 (35.8s)
The OrderedVocab you are attempting to save contains holes for indices [202, 437, 1046, 1057, 1118, 1135, 1150, 1162, 1318, 1445, 1473, 1610, 1626, 1775, 3517, 3643, 4513, 5830, 7834, 12787, 13244, 19712, 25184, 27726, 28024, 31739, 65274], your vocabulary could be corrupted!
The OrderedVocab you are attempting to save contains holes for indices [202, 437, 1046, 1057, 1118, 1135, 1150, 1162, 1318, 1445, 1473, 1610, 1626, 1775, 3517, 3643, 4513, 5830, 7834, 12787, 13244, 19712, 25184, 27726, 28024, 31739, 65274], your vocabulary could be corrupted!
The OrderedVocab you are attempting to save contains holes for indices [202, 437, 1046, 1057, 1118, 1135, 1150, 1162, 1318, 1445, 1473, 1610, 1626, 1775, 3517, 3643, 4513, 5830, 7834, 12787, 13244, 19712, 25184, 27726, 28024, 31739, 65274], your vocabulary could be corrupted!
The OrderedVocab you are attempting to save contains holes for indices [202, 437, 1046, 1057, 1118, 1135, 1150, 1162, 1318, 1445, 1473, 1610, 1626, 1775, 3517, 3643, 4513, 5830, 7834, 12787, 13244, 19712, 25184, 27726, 28024, 31739, 65274], your vocabulary could be corrupted!
fold 1 epoch 1: train_loss=1.6878 val_f1_l1=0.4601 val_f1_l2=0.3883 (34.9s)
The OrderedVocab you are attempting to save contains holes for indices [202, 437, 1046, 1057, 1118, 1135, 1150, 1162, 1318, 1445, 1473, 1610, 1626, 1775, 3517, 3643, 4513, 5830, 7834, 12787, 13244, 19712, 25184, 27726, 28024, 31739, 65274], your vocabulary could be corrupted!
The OrderedVocab you are attempting to save contains holes for indices [202, 437, 1046, 1057, 1118, 1135, 1150, 1162, 1318, 1445, 1473, 1610, 1626, 1775, 3517, 3643, 4513, 5830, 7834, 12787, 13244, 19712, 25184, 27726, 28024, 31739, 65274], your vocabulary could be corrupted!
The OrderedVocab you are attempting to save contains holes for indices [202, 437, 1046, 1057, 1118, 1135, 1150, 1162, 1318, 1445, 1473, 1610, 1626, 1775, 3517, 3643, 4513, 5830, 7834, 12787, 13244, 19712, 25184, 27726, 28024, 31739, 65274], your vocabulary could be corrupted!
The OrderedVocab you are attempting to save contains holes for indices [202, 437, 1046, 1057, 1118, 1135, 1150, 1162, 1318, 1445, 1473, 1610, 1626, 1775, 3517, 3643, 4513, 5830, 7834, 12787, 13244, 19712, 25184, 27726, 28024, 31739, 65274], your vocabulary could be corrupted!
fold 1 epoch 2: train_loss=1.5128 val_f1_l1=0.4575 val_f1_l2=0.2927 (35.0s)
The OrderedVocab you are attempting to save contains holes for indices [202, 437, 1046, 1057, 1118, 1135, 1150, 1162, 1318, 1445, 1473, 1610, 1626, 1775, 3517, 3643, 4513, 5830, 7834, 12787, 13244, 19712, 25184, 27726, 28024, 31739, 65274], your vocabulary could be corrupted!
The OrderedVocab you are attempting to save contains holes for indices [202, 437, 1046, 1057, 1118, 1135, 1150, 1162, 1318, 1445, 1473, 1610, 1626, 1775, 3517, 3643, 4513, 5830, 7834, 12787, 13244, 19712, 25184, 27726, 28024, 31739, 65274], your vocabulary could be corrupted!
The OrderedVocab you are attempting to save contains holes for indices [202, 437, 1046, 1057, 1118, 1135, 1150, 1162, 1318, 1445, 1473, 1610, 1626, 1775, 3517, 3643, 4513, 5830, 7834, 12787, 13244, 19712, 25184, 27726, 28024, 31739, 65274], your vocabulary could be corrupted!
The OrderedVocab you are attempting to save contains holes for indices [202, 437, 1046, 1057, 1118, 1135, 1150, 1162, 1318, 1445, 1473, 1610, 1626, 1775, 3517, 3643, 4513, 5830, 7834, 12787, 13244, 19712, 25184, 27726, 28024, 31739, 65274], your vocabulary could be corrupted!
fold 1 epoch 3: train_loss=1.0395 val_f1_l1=0.4898 val_f1_l2=0.5010 (35.3s)
The OrderedVocab you are attempting to save contains holes for indices [202, 437, 1046, 1057, 1118, 1135, 1150, 1162, 1318, 1445, 1473, 1610, 1626, 1775, 3517, 3643, 4513, 5830, 7834, 12787, 13244, 19712, 25184, 27726, 28024, 31739, 65274], your vocabulary could be corrupted!
The OrderedVocab you are attempting to save contains holes for indices [202, 437, 1046, 1057, 1118, 1135, 1150, 1162, 1318, 1445, 1473, 1610, 1626, 1775, 3517, 3643, 4513, 5830, 7834, 12787, 13244, 19712, 25184, 27726, 28024, 31739, 65274], your vocabulary could be corrupted!
The OrderedVocab you are attempting to save contains holes for indices [202, 437, 1046, 1057, 1118, 1135, 1150, 1162, 1318, 1445, 1473, 1610, 1626, 1775, 3517, 3643, 4513, 5830, 7834, 12787, 13244, 19712, 25184, 27726, 28024, 31739, 65274], your vocabulary could be corrupted!
The OrderedVocab you are attempting to save contains holes for indices [202, 437, 1046, 1057, 1118, 1135, 1150, 1162, 1318, 1445, 1473, 1610, 1626, 1775, 3517, 3643, 4513, 5830, 7834, 12787, 13244, 19712, 25184, 27726, 28024, 31739, 65274], your vocabulary could be corrupted!
fold 1 epoch 4: train_loss=1.1564 val_f1_l1=0.5392 val_f1_l2=0.4054 (34.7s)
The OrderedVocab you are attempting to save contains holes for indices [202, 437, 1046, 1057, 1118, 1135, 1150, 1162, 1318, 1445, 1473, 1610, 1626, 1775, 3517, 3643, 4513, 5830, 7834, 12787, 13244, 19712, 25184, 27726, 28024, 31739, 65274], your vocabulary could be corrupted!
The OrderedVocab you are attempting to save contains holes for indices [202, 437, 1046, 1057, 1118, 1135, 1150, 1162, 1318, 1445, 1473, 1610, 1626, 1775, 3517, 3643, 4513, 5830, 7834, 12787, 13244, 19712, 25184, 27726, 28024, 31739, 65274], your vocabulary could be corrupted!
The OrderedVocab you are attempting to save contains holes for indices [202, 437, 1046, 1057, 1118, 1135, 1150, 1162, 1318, 1445, 1473, 1610, 1626, 1775, 3517, 3643, 4513, 5830, 7834, 12787, 13244, 19712, 25184, 27726, 28024, 31739, 65274], your vocabulary could be corrupted!
The OrderedVocab you are attempting to save contains holes for indices [202, 437, 1046, 1057, 1118, 1135, 1150, 1162, 1318, 1445, 1473, 1610, 1626, 1775, 3517, 3643, 4513, 5830, 7834, 12787, 13244, 19712, 25184, 27726, 28024, 31739, 65274], your vocabulary could be corrupted!
fold 1 epoch 5: train_loss=0.7990 val_f1_l1=0.4845 val_f1_l2=0.4026 (35.6s)
The OrderedVocab you are attempting to save contains holes for indices [202, 437, 1046, 1057, 1118, 1135, 1150, 1162, 1318, 1445, 1473, 1610, 1626, 1775, 3517, 3643, 4513, 5830, 7834, 12787, 13244, 19712, 25184, 27726, 28024, 31739, 65274], your vocabulary could be corrupted!
The OrderedVocab you are attempting to save contains holes for indices [202, 437, 1046, 1057, 1118, 1135, 1150, 1162, 1318, 1445, 1473, 1610, 1626, 1775, 3517, 3643, 4513, 5830, 7834, 12787, 13244, 19712, 25184, 27726, 28024, 31739, 65274], your vocabulary could be corrupted!
The OrderedVocab you are attempting to save contains holes for indices [202, 437, 1046, 1057, 1118, 1135, 1150, 1162, 1318, 1445, 1473, 1610, 1626, 1775, 3517, 3643, 4513, 5830, 7834, 12787, 13244, 19712, 25184, 27726, 28024, 31739, 65274], your vocabulary could be corrupted!
The OrderedVocab you are attempting to save contains holes for indices [202, 437, 1046, 1057, 1118, 1135, 1150, 1162, 1318, 1445, 1473, 1610, 1626, 1775, 3517, 3643, 4513, 5830, 7834, 12787, 13244, 19712, 25184, 27726, 28024, 31739, 65274], your vocabulary could be corrupted!
fold 1 epoch 6: train_loss=0.8813 val_f1_l1=0.6094 val_f1_l2=0.4082 (35.3s)
The OrderedVocab you are attempting to save contains holes for indices [202, 437, 1046, 1057, 1118, 1135, 1150, 1162, 1318, 1445, 1473, 1610, 1626, 1775, 3517, 3643, 4513, 5830, 7834, 12787, 13244, 19712, 25184, 27726, 28024, 31739, 65274], your vocabulary could be corrupted!
The OrderedVocab you are attempting to save contains holes for indices [202, 437, 1046, 1057, 1118, 1135, 1150, 1162, 1318, 1445, 1473, 1610, 1626, 1775, 3517, 3643, 4513, 5830, 7834, 12787, 13244, 19712, 25184, 27726, 28024, 31739, 65274], your vocabulary could be corrupted!
The OrderedVocab you are attempting to save contains holes for indices [202, 437, 1046, 1057, 1118, 1135, 1150, 1162, 1318, 1445, 1473, 1610, 1626, 1775, 3517, 3643, 4513, 5830, 7834, 12787, 13244, 19712, 25184, 27726, 28024, 31739, 65274], your vocabulary could be corrupted!
The OrderedVocab you are attempting to save contains holes for indices [202, 437, 1046, 1057, 1118, 1135, 1150, 1162, 1318, 1445, 1473, 1610, 1626, 1775, 3517, 3643, 4513, 5830, 7834, 12787, 13244, 19712, 25184, 27726, 28024, 31739, 65274], your vocabulary could be corrupted!
fold 1 epoch 7: train_loss=0.7997 val_f1_l1=0.4845 val_f1_l2=0.4771 (35.5s)

=== fold 2 ===
Loading weights:   0%|          | 0/199 [00:00<?, ?it/s]Loading weights: 100%|██████████| 199/199 [00:00<00:00, 40614.40it/s]
[transformers] [1mBertModel LOAD REPORT[0m from: google/muril-base-cased
Key                                        | Status     |  | 
-------------------------------------------+------------+--+-
cls.predictions.transform.dense.bias       | UNEXPECTED |  | 
cls.predictions.transform.LayerNorm.bias   | UNEXPECTED |  | 
cls.predictions.transform.LayerNorm.weight | UNEXPECTED |  | 
cls.seq_relationship.weight                | UNEXPECTED |  | 
cls.predictions.transform.dense.weight     | UNEXPECTED |  | 
cls.predictions.bias                       | UNEXPECTED |  | 
cls.predictions.decoder.weight             | UNEXPECTED |  | 
cls.predictions.decoder.bias               | UNEXPECTED |  | 
cls.seq_relationship.bias                  | UNEXPECTED |  | 

Notes:
- UNEXPECTED:	can be ignored when loading from different task/architecture; not ok if you expect identical arch.
The OrderedVocab you are attempting to save contains holes for indices [202, 437, 1046, 1057, 1118, 1135, 1150, 1162, 1318, 1445, 1473, 1610, 1626, 1775, 3517, 3643, 4513, 5830, 7834, 12787, 13244, 19712, 25184, 27726, 28024, 31739, 65274], your vocabulary could be corrupted!
The OrderedVocab you are attempting to save contains holes for indices [202, 437, 1046, 1057, 1118, 1135, 1150, 1162, 1318, 1445, 1473, 1610, 1626, 1775, 3517, 3643, 4513, 5830, 7834, 12787, 13244, 19712, 25184, 27726, 28024, 31739, 65274], your vocabulary could be corrupted!
The OrderedVocab you are attempting to save contains holes for indices [202, 437, 1046, 1057, 1118, 1135, 1150, 1162, 1318, 1445, 1473, 1610, 1626, 1775, 3517, 3643, 4513, 5830, 7834, 12787, 13244, 19712, 25184, 27726, 28024, 31739, 65274], your vocabulary could be corrupted!
The OrderedVocab you are attempting to save contains holes for indices [202, 437, 1046, 1057, 1118, 1135, 1150, 1162, 1318, 1445, 1473, 1610, 1626, 1775, 3517, 3643, 4513, 5830, 7834, 12787, 13244, 19712, 25184, 27726, 28024, 31739, 65274], your vocabulary could be corrupted!
fold 2 epoch 0: train_loss=2.3269 val_f1_l1=0.0585 val_f1_l2=0.2528 (35.7s)
The OrderedVocab you are attempting to save contains holes for indices [202, 437, 1046, 1057, 1118, 1135, 1150, 1162, 1318, 1445, 1473, 1610, 1626, 1775, 3517, 3643, 4513, 5830, 7834, 12787, 13244, 19712, 25184, 27726, 28024, 31739, 65274], your vocabulary could be corrupted!
The OrderedVocab you are attempting to save contains holes for indices [202, 437, 1046, 1057, 1118, 1135, 1150, 1162, 1318, 1445, 1473, 1610, 1626, 1775, 3517, 3643, 4513, 5830, 7834, 12787, 13244, 19712, 25184, 27726, 28024, 31739, 65274], your vocabulary could be corrupted!
The OrderedVocab you are attempting to save contains holes for indices [202, 437, 1046, 1057, 1118, 1135, 1150, 1162, 1318, 1445, 1473, 1610, 1626, 1775, 3517, 3643, 4513, 5830, 7834, 12787, 13244, 19712, 25184, 27726, 28024, 31739, 65274], your vocabulary could be corrupted!
The OrderedVocab you are attempting to save contains holes for indices [202, 437, 1046, 1057, 1118, 1135, 1150, 1162, 1318, 1445, 1473, 1610, 1626, 1775, 3517, 3643, 4513, 5830, 7834, 12787, 13244, 19712, 25184, 27726, 28024, 31739, 65274], your vocabulary could be corrupted!
fold 2 epoch 1: train_loss=1.7975 val_f1_l1=0.5671 val_f1_l2=0.2889 (35.6s)
The OrderedVocab you are attempting to save contains holes for indices [202, 437, 1046, 1057, 1118, 1135, 1150, 1162, 1318, 1445, 1473, 1610, 1626, 1775, 3517, 3643, 4513, 5830, 7834, 12787, 13244, 19712, 25184, 27726, 28024, 31739, 65274], your vocabulary could be corrupted!
The OrderedVocab you are attempting to save contains holes for indices [202, 437, 1046, 1057, 1118, 1135, 1150, 1162, 1318, 1445, 1473, 1610, 1626, 1775, 3517, 3643, 4513, 5830, 7834, 12787, 13244, 19712, 25184, 27726, 28024, 31739, 65274], your vocabulary could be corrupted!
The OrderedVocab you are attempting to save contains holes for indices [202, 437, 1046, 1057, 1118, 1135, 1150, 1162, 1318, 1445, 1473, 1610, 1626, 1775, 3517, 3643, 4513, 5830, 7834, 12787, 13244, 19712, 25184, 27726, 28024, 31739, 65274], your vocabulary could be corrupted!
The OrderedVocab you are attempting to save contains holes for indices [202, 437, 1046, 1057, 1118, 1135, 1150, 1162, 1318, 1445, 1473, 1610, 1626, 1775, 3517, 3643, 4513, 5830, 7834, 12787, 13244, 19712, 25184, 27726, 28024, 31739, 65274], your vocabulary could be corrupted!
fold 2 epoch 2: train_loss=1.3345 val_f1_l1=0.4872 val_f1_l2=0.4161 (34.5s)
The OrderedVocab you are attempting to save contains holes for indices [202, 437, 1046, 1057, 1118, 1135, 1150, 1162, 1318, 1445, 1473, 1610, 1626, 1775, 3517, 3643, 4513, 5830, 7834, 12787, 13244, 19712, 25184, 27726, 28024, 31739, 65274], your vocabulary could be corrupted!
The OrderedVocab you are attempting to save contains holes for indices [202, 437, 1046, 1057, 1118, 1135, 1150, 1162, 1318, 1445, 1473, 1610, 1626, 1775, 3517, 3643, 4513, 5830, 7834, 12787, 13244, 19712, 25184, 27726, 28024, 31739, 65274], your vocabulary could be corrupted!
The OrderedVocab you are attempting to save contains holes for indices [202, 437, 1046, 1057, 1118, 1135, 1150, 1162, 1318, 1445, 1473, 1610, 1626, 1775, 3517, 3643, 4513, 5830, 7834, 12787, 13244, 19712, 25184, 27726, 28024, 31739, 65274], your vocabulary could be corrupted!
The OrderedVocab you are attempting to save contains holes for indices [202, 437, 1046, 1057, 1118, 1135, 1150, 1162, 1318, 1445, 1473, 1610, 1626, 1775, 3517, 3643, 4513, 5830, 7834, 12787, 13244, 19712, 25184, 27726, 28024, 31739, 65274], your vocabulary could be corrupted!
fold 2 epoch 3: train_loss=1.4708 val_f1_l1=0.3796 val_f1_l2=0.3938 (34.3s)
The OrderedVocab you are attempting to save contains holes for indices [202, 437, 1046, 1057, 1118, 1135, 1150, 1162, 1318, 1445, 1473, 1610, 1626, 1775, 3517, 3643, 4513, 5830, 7834, 12787, 13244, 19712, 25184, 27726, 28024, 31739, 65274], your vocabulary could be corrupted!
The OrderedVocab you are attempting to save contains holes for indices [202, 437, 1046, 1057, 1118, 1135, 1150, 1162, 1318, 1445, 1473, 1610, 1626, 1775, 3517, 3643, 4513, 5830, 7834, 12787, 13244, 19712, 25184, 27726, 28024, 31739, 65274], your vocabulary could be corrupted!
The OrderedVocab you are attempting to save contains holes for indices [202, 437, 1046, 1057, 1118, 1135, 1150, 1162, 1318, 1445, 1473, 1610, 1626, 1775, 3517, 3643, 4513, 5830, 7834, 12787, 13244, 19712, 25184, 27726, 28024, 31739, 65274], your vocabulary could be corrupted!
The OrderedVocab you are attempting to save contains holes for indices [202, 437, 1046, 1057, 1118, 1135, 1150, 1162, 1318, 1445, 1473, 1610, 1626, 1775, 3517, 3643, 4513, 5830, 7834, 12787, 13244, 19712, 25184, 27726, 28024, 31739, 65274], your vocabulary could be corrupted!
fold 2 epoch 4: train_loss=1.1267 val_f1_l1=0.4110 val_f1_l2=0.4213 (34.7s)
The OrderedVocab you are attempting to save contains holes for indices [202, 437, 1046, 1057, 1118, 1135, 1150, 1162, 1318, 1445, 1473, 1610, 1626, 1775, 3517, 3643, 4513, 5830, 7834, 12787, 13244, 19712, 25184, 27726, 28024, 31739, 65274], your vocabulary could be corrupted!
The OrderedVocab you are attempting to save contains holes for indices [202, 437, 1046, 1057, 1118, 1135, 1150, 1162, 1318, 1445, 1473, 1610, 1626, 1775, 3517, 3643, 4513, 5830, 7834, 12787, 13244, 19712, 25184, 27726, 28024, 31739, 65274], your vocabulary could be corrupted!
The OrderedVocab you are attempting to save contains holes for indices [202, 437, 1046, 1057, 1118, 1135, 1150, 1162, 1318, 1445, 1473, 1610, 1626, 1775, 3517, 3643, 4513, 5830, 7834, 12787, 13244, 19712, 25184, 27726, 28024, 31739, 65274], your vocabulary could be corrupted!
The OrderedVocab you are attempting to save contains holes for indices [202, 437, 1046, 1057, 1118, 1135, 1150, 1162, 1318, 1445, 1473, 1610, 1626, 1775, 3517, 3643, 4513, 5830, 7834, 12787, 13244, 19712, 25184, 27726, 28024, 31739, 65274], your vocabulary could be corrupted!
fold 2 epoch 5: train_loss=1.0290 val_f1_l1=0.7895 val_f1_l2=0.4381 (34.6s)
The OrderedVocab you are attempting to save contains holes for indices [202, 437, 1046, 1057, 1118, 1135, 1150, 1162, 1318, 1445, 1473, 1610, 1626, 1775, 3517, 3643, 4513, 5830, 7834, 12787, 13244, 19712, 25184, 27726, 28024, 31739, 65274], your vocabulary could be corrupted!
The OrderedVocab you are attempting to save contains holes for indices [202, 437, 1046, 1057, 1118, 1135, 1150, 1162, 1318, 1445, 1473, 1610, 1626, 1775, 3517, 3643, 4513, 5830, 7834, 12787, 13244, 19712, 25184, 27726, 28024, 31739, 65274], your vocabulary could be corrupted!
The OrderedVocab you are attempting to save contains holes for indices [202, 437, 1046, 1057, 1118, 1135, 1150, 1162, 1318, 1445, 1473, 1610, 1626, 1775, 3517, 3643, 4513, 5830, 7834, 12787, 13244, 19712, 25184, 27726, 28024, 31739, 65274], your vocabulary could be corrupted!
The OrderedVocab you are attempting to save contains holes for indices [202, 437, 1046, 1057, 1118, 1135, 1150, 1162, 1318, 1445, 1473, 1610, 1626, 1775, 3517, 3643, 4513, 5830, 7834, 12787, 13244, 19712, 25184, 27726, 28024, 31739, 65274], your vocabulary could be corrupted!
fold 2 epoch 6: train_loss=0.5961 val_f1_l1=0.6464 val_f1_l2=0.2917 (35.8s)
The OrderedVocab you are attempting to save contains holes for indices [202, 437, 1046, 1057, 1118, 1135, 1150, 1162, 1318, 1445, 1473, 1610, 1626, 1775, 3517, 3643, 4513, 5830, 7834, 12787, 13244, 19712, 25184, 27726, 28024, 31739, 65274], your vocabulary could be corrupted!
The OrderedVocab you are attempting to save contains holes for indices [202, 437, 1046, 1057, 1118, 1135, 1150, 1162, 1318, 1445, 1473, 1610, 1626, 1775, 3517, 3643, 4513, 5830, 7834, 12787, 13244, 19712, 25184, 27726, 28024, 31739, 65274], your vocabulary could be corrupted!
The OrderedVocab you are attempting to save contains holes for indices [202, 437, 1046, 1057, 1118, 1135, 1150, 1162, 1318, 1445, 1473, 1610, 1626, 1775, 3517, 3643, 4513, 5830, 7834, 12787, 13244, 19712, 25184, 27726, 28024, 31739, 65274], your vocabulary could be corrupted!
The OrderedVocab you are attempting to save contains holes for indices [202, 437, 1046, 1057, 1118, 1135, 1150, 1162, 1318, 1445, 1473, 1610, 1626, 1775, 3517, 3643, 4513, 5830, 7834, 12787, 13244, 19712, 25184, 27726, 28024, 31739, 65274], your vocabulary could be corrupted!
fold 2 epoch 7: train_loss=0.5356 val_f1_l1=0.6454 val_f1_l2=0.3794 (35.1s)

=== fold 3 ===
Loading weights:   0%|          | 0/199 [00:00<?, ?it/s]Loading weights: 100%|██████████| 199/199 [00:00<00:00, 37121.04it/s]
[transformers] [1mBertModel LOAD REPORT[0m from: google/muril-base-cased
Key                                        | Status     |  | 
-------------------------------------------+------------+--+-
cls.predictions.transform.dense.bias       | UNEXPECTED |  | 
cls.predictions.transform.LayerNorm.bias   | UNEXPECTED |  | 
cls.predictions.transform.LayerNorm.weight | UNEXPECTED |  | 
cls.seq_relationship.weight                | UNEXPECTED |  | 
cls.predictions.transform.dense.weight     | UNEXPECTED |  | 
cls.predictions.bias                       | UNEXPECTED |  | 
cls.predictions.decoder.weight             | UNEXPECTED |  | 
cls.predictions.decoder.bias               | UNEXPECTED |  | 
cls.seq_relationship.bias                  | UNEXPECTED |  | 

Notes:
- UNEXPECTED:	can be ignored when loading from different task/architecture; not ok if you expect identical arch.
The OrderedVocab you are attempting to save contains holes for indices [202, 437, 1046, 1057, 1118, 1135, 1150, 1162, 1318, 1445, 1473, 1610, 1626, 1775, 3517, 3643, 4513, 5830, 7834, 12787, 13244, 19712, 25184, 27726, 28024, 31739, 65274], your vocabulary could be corrupted!
The OrderedVocab you are attempting to save contains holes for indices [202, 437, 1046, 1057, 1118, 1135, 1150, 1162, 1318, 1445, 1473, 1610, 1626, 1775, 3517, 3643, 4513, 5830, 7834, 12787, 13244, 19712, 25184, 27726, 28024, 31739, 65274], your vocabulary could be corrupted!
The OrderedVocab you are attempting to save contains holes for indices [202, 437, 1046, 1057, 1118, 1135, 1150, 1162, 1318, 1445, 1473, 1610, 1626, 1775, 3517, 3643, 4513, 5830, 7834, 12787, 13244, 19712, 25184, 27726, 28024, 31739, 65274], your vocabulary could be corrupted!
The OrderedVocab you are attempting to save contains holes for indices [202, 437, 1046, 1057, 1118, 1135, 1150, 1162, 1318, 1445, 1473, 1610, 1626, 1775, 3517, 3643, 4513, 5830, 7834, 12787, 13244, 19712, 25184, 27726, 28024, 31739, 65274], your vocabulary could be corrupted!
fold 3 epoch 0: train_loss=2.9903 val_f1_l1=0.0692 val_f1_l2=0.1384 (36.3s)
The OrderedVocab you are attempting to save contains holes for indices [202, 437, 1046, 1057, 1118, 1135, 1150, 1162, 1318, 1445, 1473, 1610, 1626, 1775, 3517, 3643, 4513, 5830, 7834, 12787, 13244, 19712, 25184, 27726, 28024, 31739, 65274], your vocabulary could be corrupted!
The OrderedVocab you are attempting to save contains holes for indices [202, 437, 1046, 1057, 1118, 1135, 1150, 1162, 1318, 1445, 1473, 1610, 1626, 1775, 3517, 3643, 4513, 5830, 7834, 12787, 13244, 19712, 25184, 27726, 28024, 31739, 65274], your vocabulary could be corrupted!
The OrderedVocab you are attempting to save contains holes for indices [202, 437, 1046, 1057, 1118, 1135, 1150, 1162, 1318, 1445, 1473, 1610, 1626, 1775, 3517, 3643, 4513, 5830, 7834, 12787, 13244, 19712, 25184, 27726, 28024, 31739, 65274], your vocabulary could be corrupted!
The OrderedVocab you are attempting to save contains holes for indices [202, 437, 1046, 1057, 1118, 1135, 1150, 1162, 1318, 1445, 1473, 1610, 1626, 1775, 3517, 3643, 4513, 5830, 7834, 12787, 13244, 19712, 25184, 27726, 28024, 31739, 65274], your vocabulary could be corrupted!
fold 3 epoch 1: train_loss=1.8074 val_f1_l1=0.5556 val_f1_l2=0.5026 (36.5s)
The OrderedVocab you are attempting to save contains holes for indices [202, 437, 1046, 1057, 1118, 1135, 1150, 1162, 1318, 1445, 1473, 1610, 1626, 1775, 3517, 3643, 4513, 5830, 7834, 12787, 13244, 19712, 25184, 27726, 28024, 31739, 65274], your vocabulary could be corrupted!
The OrderedVocab you are attempting to save contains holes for indices [202, 437, 1046, 1057, 1118, 1135, 1150, 1162, 1318, 1445, 1473, 1610, 1626, 1775, 3517, 3643, 4513, 5830, 7834, 12787, 13244, 19712, 25184, 27726, 28024, 31739, 65274], your vocabulary could be corrupted!
The OrderedVocab you are attempting to save contains holes for indices [202, 437, 1046, 1057, 1118, 1135, 1150, 1162, 1318, 1445, 1473, 1610, 1626, 1775, 3517, 3643, 4513, 5830, 7834, 12787, 13244, 19712, 25184, 27726, 28024, 31739, 65274], your vocabulary could be corrupted!
The OrderedVocab you are attempting to save contains holes for indices [202, 437, 1046, 1057, 1118, 1135, 1150, 1162, 1318, 1445, 1473, 1610, 1626, 1775, 3517, 3643, 4513, 5830, 7834, 12787, 13244, 19712, 25184, 27726, 28024, 31739, 65274], your vocabulary could be corrupted!
fold 3 epoch 2: train_loss=1.5016 val_f1_l1=0.6299 val_f1_l2=0.4674 (35.6s)
The OrderedVocab you are attempting to save contains holes for indices [202, 437, 1046, 1057, 1118, 1135, 1150, 1162, 1318, 1445, 1473, 1610, 1626, 1775, 3517, 3643, 4513, 5830, 7834, 12787, 13244, 19712, 25184, 27726, 28024, 31739, 65274], your vocabulary could be corrupted!
The OrderedVocab you are attempting to save contains holes for indices [202, 437, 1046, 1057, 1118, 1135, 1150, 1162, 1318, 1445, 1473, 1610, 1626, 1775, 3517, 3643, 4513, 5830, 7834, 12787, 13244, 19712, 25184, 27726, 28024, 31739, 65274], your vocabulary could be corrupted!
The OrderedVocab you are attempting to save contains holes for indices [202, 437, 1046, 1057, 1118, 1135, 1150, 1162, 1318, 1445, 1473, 1610, 1626, 1775, 3517, 3643, 4513, 5830, 7834, 12787, 13244, 19712, 25184, 27726, 28024, 31739, 65274], your vocabulary could be corrupted!
The OrderedVocab you are attempting to save contains holes for indices [202, 437, 1046, 1057, 1118, 1135, 1150, 1162, 1318, 1445, 1473, 1610, 1626, 1775, 3517, 3643, 4513, 5830, 7834, 12787, 13244, 19712, 25184, 27726, 28024, 31739, 65274], your vocabulary could be corrupted!
fold 3 epoch 3: train_loss=1.3331 val_f1_l1=0.6603 val_f1_l2=0.4164 (37.0s)
The OrderedVocab you are attempting to save contains holes for indices [202, 437, 1046, 1057, 1118, 1135, 1150, 1162, 1318, 1445, 1473, 1610, 1626, 1775, 3517, 3643, 4513, 5830, 7834, 12787, 13244, 19712, 25184, 27726, 28024, 31739, 65274], your vocabulary could be corrupted!
The OrderedVocab you are attempting to save contains holes for indices [202, 437, 1046, 1057, 1118, 1135, 1150, 1162, 1318, 1445, 1473, 1610, 1626, 1775, 3517, 3643, 4513, 5830, 7834, 12787, 13244, 19712, 25184, 27726, 28024, 31739, 65274], your vocabulary could be corrupted!
The OrderedVocab you are attempting to save contains holes for indices [202, 437, 1046, 1057, 1118, 1135, 1150, 1162, 1318, 1445, 1473, 1610, 1626, 1775, 3517, 3643, 4513, 5830, 7834, 12787, 13244, 19712, 25184, 27726, 28024, 31739, 65274], your vocabulary could be corrupted!
The OrderedVocab you are attempting to save contains holes for indices [202, 437, 1046, 1057, 1118, 1135, 1150, 1162, 1318, 1445, 1473, 1610, 1626, 1775, 3517, 3643, 4513, 5830, 7834, 12787, 13244, 19712, 25184, 27726, 28024, 31739, 65274], your vocabulary could be corrupted!
fold 3 epoch 4: train_loss=1.0560 val_f1_l1=0.4652 val_f1_l2=0.5036 (36.0s)
The OrderedVocab you are attempting to save contains holes for indices [202, 437, 1046, 1057, 1118, 1135, 1150, 1162, 1318, 1445, 1473, 1610, 1626, 1775, 3517, 3643, 4513, 5830, 7834, 12787, 13244, 19712, 25184, 27726, 28024, 31739, 65274], your vocabulary could be corrupted!
The OrderedVocab you are attempting to save contains holes for indices [202, 437, 1046, 1057, 1118, 1135, 1150, 1162, 1318, 1445, 1473, 1610, 1626, 1775, 3517, 3643, 4513, 5830, 7834, 12787, 13244, 19712, 25184, 27726, 28024, 31739, 65274], your vocabulary could be corrupted!
The OrderedVocab you are attempting to save contains holes for indices [202, 437, 1046, 1057, 1118, 1135, 1150, 1162, 1318, 1445, 1473, 1610, 1626, 1775, 3517, 3643, 4513, 5830, 7834, 12787, 13244, 19712, 25184, 27726, 28024, 31739, 65274], your vocabulary could be corrupted!
The OrderedVocab you are attempting to save contains holes for indices [202, 437, 1046, 1057, 1118, 1135, 1150, 1162, 1318, 1445, 1473, 1610, 1626, 1775, 3517, 3643, 4513, 5830, 7834, 12787, 13244, 19712, 25184, 27726, 28024, 31739, 65274], your vocabulary could be corrupted!
fold 3 epoch 5: train_loss=1.0182 val_f1_l1=0.5821 val_f1_l2=0.5718 (35.4s)
The OrderedVocab you are attempting to save contains holes for indices [202, 437, 1046, 1057, 1118, 1135, 1150, 1162, 1318, 1445, 1473, 1610, 1626, 1775, 3517, 3643, 4513, 5830, 7834, 12787, 13244, 19712, 25184, 27726, 28024, 31739, 65274], your vocabulary could be corrupted!
The OrderedVocab you are attempting to save contains holes for indices [202, 437, 1046, 1057, 1118, 1135, 1150, 1162, 1318, 1445, 1473, 1610, 1626, 1775, 3517, 3643, 4513, 5830, 7834, 12787, 13244, 19712, 25184, 27726, 28024, 31739, 65274], your vocabulary could be corrupted!
The OrderedVocab you are attempting to save contains holes for indices [202, 437, 1046, 1057, 1118, 1135, 1150, 1162, 1318, 1445, 1473, 1610, 1626, 1775, 3517, 3643, 4513, 5830, 7834, 12787, 13244, 19712, 25184, 27726, 28024, 31739, 65274], your vocabulary could be corrupted!
The OrderedVocab you are attempting to save contains holes for indices [202, 437, 1046, 1057, 1118, 1135, 1150, 1162, 1318, 1445, 1473, 1610, 1626, 1775, 3517, 3643, 4513, 5830, 7834, 12787, 13244, 19712, 25184, 27726, 28024, 31739, 65274], your vocabulary could be corrupted!
fold 3 epoch 6: train_loss=0.9280 val_f1_l1=0.5315 val_f1_l2=0.3857 (35.5s)
The OrderedVocab you are attempting to save contains holes for indices [202, 437, 1046, 1057, 1118, 1135, 1150, 1162, 1318, 1445, 1473, 1610, 1626, 1775, 3517, 3643, 4513, 5830, 7834, 12787, 13244, 19712, 25184, 27726, 28024, 31739, 65274], your vocabulary could be corrupted!
The OrderedVocab you are attempting to save contains holes for indices [202, 437, 1046, 1057, 1118, 1135, 1150, 1162, 1318, 1445, 1473, 1610, 1626, 1775, 3517, 3643, 4513, 5830, 7834, 12787, 13244, 19712, 25184, 27726, 28024, 31739, 65274], your vocabulary could be corrupted!
The OrderedVocab you are attempting to save contains holes for indices [202, 437, 1046, 1057, 1118, 1135, 1150, 1162, 1318, 1445, 1473, 1610, 1626, 1775, 3517, 3643, 4513, 5830, 7834, 12787, 13244, 19712, 25184, 27726, 28024, 31739, 65274], your vocabulary could be corrupted!
The OrderedVocab you are attempting to save contains holes for indices [202, 437, 1046, 1057, 1118, 1135, 1150, 1162, 1318, 1445, 1473, 1610, 1626, 1775, 3517, 3643, 4513, 5830, 7834, 12787, 13244, 19712, 25184, 27726, 28024, 31739, 65274], your vocabulary could be corrupted!
fold 3 epoch 7: train_loss=0.7114 val_f1_l1=0.4792 val_f1_l2=0.5667 (35.5s)

=== fold 4 ===
Loading weights:   0%|          | 0/199 [00:00<?, ?it/s]Loading weights: 100%|██████████| 199/199 [00:00<00:00, 36373.67it/s]
[transformers] [1mBertModel LOAD REPORT[0m from: google/muril-base-cased
Key                                        | Status     |  | 
-------------------------------------------+------------+--+-
cls.predictions.transform.dense.bias       | UNEXPECTED |  | 
cls.predictions.transform.LayerNorm.bias   | UNEXPECTED |  | 
cls.predictions.transform.LayerNorm.weight | UNEXPECTED |  | 
cls.seq_relationship.weight                | UNEXPECTED |  | 
cls.predictions.transform.dense.weight     | UNEXPECTED |  | 
cls.predictions.bias                       | UNEXPECTED |  | 
cls.predictions.decoder.weight             | UNEXPECTED |  | 
cls.predictions.decoder.bias               | UNEXPECTED |  | 
cls.seq_relationship.bias                  | UNEXPECTED |  | 

Notes:
- UNEXPECTED:	can be ignored when loading from different task/architecture; not ok if you expect identical arch.
The OrderedVocab you are attempting to save contains holes for indices [202, 437, 1046, 1057, 1118, 1135, 1150, 1162, 1318, 1445, 1473, 1610, 1626, 1775, 3517, 3643, 4513, 5830, 7834, 12787, 13244, 19712, 25184, 27726, 28024, 31739, 65274], your vocabulary could be corrupted!
The OrderedVocab you are attempting to save contains holes for indices [202, 437, 1046, 1057, 1118, 1135, 1150, 1162, 1318, 1445, 1473, 1610, 1626, 1775, 3517, 3643, 4513, 5830, 7834, 12787, 13244, 19712, 25184, 27726, 28024, 31739, 65274], your vocabulary could be corrupted!
The OrderedVocab you are attempting to save contains holes for indices [202, 437, 1046, 1057, 1118, 1135, 1150, 1162, 1318, 1445, 1473, 1610, 1626, 1775, 3517, 3643, 4513, 5830, 7834, 12787, 13244, 19712, 25184, 27726, 28024, 31739, 65274], your vocabulary could be corrupted!
The OrderedVocab you are attempting to save contains holes for indices [202, 437, 1046, 1057, 1118, 1135, 1150, 1162, 1318, 1445, 1473, 1610, 1626, 1775, 3517, 3643, 4513, 5830, 7834, 12787, 13244, 19712, 25184, 27726, 28024, 31739, 65274], your vocabulary could be corrupted!
fold 4 epoch 0: train_loss=3.1376 val_f1_l1=0.4872 val_f1_l2=0.4137 (36.2s)
The OrderedVocab you are attempting to save contains holes for indices [202, 437, 1046, 1057, 1118, 1135, 1150, 1162, 1318, 1445, 1473, 1610, 1626, 1775, 3517, 3643, 4513, 5830, 7834, 12787, 13244, 19712, 25184, 27726, 28024, 31739, 65274], your vocabulary could be corrupted!
The OrderedVocab you are attempting to save contains holes for indices [202, 437, 1046, 1057, 1118, 1135, 1150, 1162, 1318, 1445, 1473, 1610, 1626, 1775, 3517, 3643, 4513, 5830, 7834, 12787, 13244, 19712, 25184, 27726, 28024, 31739, 65274], your vocabulary could be corrupted!
The OrderedVocab you are attempting to save contains holes for indices [202, 437, 1046, 1057, 1118, 1135, 1150, 1162, 1318, 1445, 1473, 1610, 1626, 1775, 3517, 3643, 4513, 5830, 7834, 12787, 13244, 19712, 25184, 27726, 28024, 31739, 65274], your vocabulary could be corrupted!
The OrderedVocab you are attempting to save contains holes for indices [202, 437, 1046, 1057, 1118, 1135, 1150, 1162, 1318, 1445, 1473, 1610, 1626, 1775, 3517, 3643, 4513, 5830, 7834, 12787, 13244, 19712, 25184, 27726, 28024, 31739, 65274], your vocabulary could be corrupted!
fold 4 epoch 1: train_loss=1.4966 val_f1_l1=0.5116 val_f1_l2=0.3458 (35.4s)
The OrderedVocab you are attempting to save contains holes for indices [202, 437, 1046, 1057, 1118, 1135, 1150, 1162, 1318, 1445, 1473, 1610, 1626, 1775, 3517, 3643, 4513, 5830, 7834, 12787, 13244, 19712, 25184, 27726, 28024, 31739, 65274], your vocabulary could be corrupted!
The OrderedVocab you are attempting to save contains holes for indices [202, 437, 1046, 1057, 1118, 1135, 1150, 1162, 1318, 1445, 1473, 1610, 1626, 1775, 3517, 3643, 4513, 5830, 7834, 12787, 13244, 19712, 25184, 27726, 28024, 31739, 65274], your vocabulary could be corrupted!
The OrderedVocab you are attempting to save contains holes for indices [202, 437, 1046, 1057, 1118, 1135, 1150, 1162, 1318, 1445, 1473, 1610, 1626, 1775, 3517, 3643, 4513, 5830, 7834, 12787, 13244, 19712, 25184, 27726, 28024, 31739, 65274], your vocabulary could be corrupted!
The OrderedVocab you are attempting to save contains holes for indices [202, 437, 1046, 1057, 1118, 1135, 1150, 1162, 1318, 1445, 1473, 1610, 1626, 1775, 3517, 3643, 4513, 5830, 7834, 12787, 13244, 19712, 25184, 27726, 28024, 31739, 65274], your vocabulary could be corrupted!
fold 4 epoch 2: train_loss=1.3401 val_f1_l1=0.4872 val_f1_l2=0.4642 (34.8s)
The OrderedVocab you are attempting to save contains holes for indices [202, 437, 1046, 1057, 1118, 1135, 1150, 1162, 1318, 1445, 1473, 1610, 1626, 1775, 3517, 3643, 4513, 5830, 7834, 12787, 13244, 19712, 25184, 27726, 28024, 31739, 65274], your vocabulary could be corrupted!
The OrderedVocab you are attempting to save contains holes for indices [202, 437, 1046, 1057, 1118, 1135, 1150, 1162, 1318, 1445, 1473, 1610, 1626, 1775, 3517, 3643, 4513, 5830, 7834, 12787, 13244, 19712, 25184, 27726, 28024, 31739, 65274], your vocabulary could be corrupted!
The OrderedVocab you are attempting to save contains holes for indices [202, 437, 1046, 1057, 1118, 1135, 1150, 1162, 1318, 1445, 1473, 1610, 1626, 1775, 3517, 3643, 4513, 5830, 7834, 12787, 13244, 19712, 25184, 27726, 28024, 31739, 65274], your vocabulary could be corrupted!
The OrderedVocab you are attempting to save contains holes for indices [202, 437, 1046, 1057, 1118, 1135, 1150, 1162, 1318, 1445, 1473, 1610, 1626, 1775, 3517, 3643, 4513, 5830, 7834, 12787, 13244, 19712, 25184, 27726, 28024, 31739, 65274], your vocabulary could be corrupted!
fold 4 epoch 3: train_loss=1.1230 val_f1_l1=0.4536 val_f1_l2=0.3762 (35.8s)
The OrderedVocab you are attempting to save contains holes for indices [202, 437, 1046, 1057, 1118, 1135, 1150, 1162, 1318, 1445, 1473, 1610, 1626, 1775, 3517, 3643, 4513, 5830, 7834, 12787, 13244, 19712, 25184, 27726, 28024, 31739, 65274], your vocabulary could be corrupted!
The OrderedVocab you are attempting to save contains holes for indices [202, 437, 1046, 1057, 1118, 1135, 1150, 1162, 1318, 1445, 1473, 1610, 1626, 1775, 3517, 3643, 4513, 5830, 7834, 12787, 13244, 19712, 25184, 27726, 28024, 31739, 65274], your vocabulary could be corrupted!
The OrderedVocab you are attempting to save contains holes for indices [202, 437, 1046, 1057, 1118, 1135, 1150, 1162, 1318, 1445, 1473, 1610, 1626, 1775, 3517, 3643, 4513, 5830, 7834, 12787, 13244, 19712, 25184, 27726, 28024, 31739, 65274], your vocabulary could be corrupted!
The OrderedVocab you are attempting to save contains holes for indices [202, 437, 1046, 1057, 1118, 1135, 1150, 1162, 1318, 1445, 1473, 1610, 1626, 1775, 3517, 3643, 4513, 5830, 7834, 12787, 13244, 19712, 25184, 27726, 28024, 31739, 65274], your vocabulary could be corrupted!
fold 4 epoch 4: train_loss=1.1956 val_f1_l1=0.5789 val_f1_l2=0.4001 (35.1s)
The OrderedVocab you are attempting to save contains holes for indices [202, 437, 1046, 1057, 1118, 1135, 1150, 1162, 1318, 1445, 1473, 1610, 1626, 1775, 3517, 3643, 4513, 5830, 7834, 12787, 13244, 19712, 25184, 27726, 28024, 31739, 65274], your vocabulary could be corrupted!
The OrderedVocab you are attempting to save contains holes for indices [202, 437, 1046, 1057, 1118, 1135, 1150, 1162, 1318, 1445, 1473, 1610, 1626, 1775, 3517, 3643, 4513, 5830, 7834, 12787, 13244, 19712, 25184, 27726, 28024, 31739, 65274], your vocabulary could be corrupted!
The OrderedVocab you are attempting to save contains holes for indices [202, 437, 1046, 1057, 1118, 1135, 1150, 1162, 1318, 1445, 1473, 1610, 1626, 1775, 3517, 3643, 4513, 5830, 7834, 12787, 13244, 19712, 25184, 27726, 28024, 31739, 65274], your vocabulary could be corrupted!
The OrderedVocab you are attempting to save contains holes for indices [202, 437, 1046, 1057, 1118, 1135, 1150, 1162, 1318, 1445, 1473, 1610, 1626, 1775, 3517, 3643, 4513, 5830, 7834, 12787, 13244, 19712, 25184, 27726, 28024, 31739, 65274], your vocabulary could be corrupted!
fold 4 epoch 5: train_loss=0.8003 val_f1_l1=0.4510 val_f1_l2=0.4818 (35.7s)
The OrderedVocab you are attempting to save contains holes for indices [202, 437, 1046, 1057, 1118, 1135, 1150, 1162, 1318, 1445, 1473, 1610, 1626, 1775, 3517, 3643, 4513, 5830, 7834, 12787, 13244, 19712, 25184, 27726, 28024, 31739, 65274], your vocabulary could be corrupted!
The OrderedVocab you are attempting to save contains holes for indices [202, 437, 1046, 1057, 1118, 1135, 1150, 1162, 1318, 1445, 1473, 1610, 1626, 1775, 3517, 3643, 4513, 5830, 7834, 12787, 13244, 19712, 25184, 27726, 28024, 31739, 65274], your vocabulary could be corrupted!
The OrderedVocab you are attempting to save contains holes for indices [202, 437, 1046, 1057, 1118, 1135, 1150, 1162, 1318, 1445, 1473, 1610, 1626, 1775, 3517, 3643, 4513, 5830, 7834, 12787, 13244, 19712, 25184, 27726, 28024, 31739, 65274], your vocabulary could be corrupted!
The OrderedVocab you are attempting to save contains holes for indices [202, 437, 1046, 1057, 1118, 1135, 1150, 1162, 1318, 1445, 1473, 1610, 1626, 1775, 3517, 3643, 4513, 5830, 7834, 12787, 13244, 19712, 25184, 27726, 28024, 31739, 65274], your vocabulary could be corrupted!
fold 4 epoch 6: train_loss=0.7281 val_f1_l1=0.5726 val_f1_l2=0.4320 (35.9s)
The OrderedVocab you are attempting to save contains holes for indices [202, 437, 1046, 1057, 1118, 1135, 1150, 1162, 1318, 1445, 1473, 1610, 1626, 1775, 3517, 3643, 4513, 5830, 7834, 12787, 13244, 19712, 25184, 27726, 28024, 31739, 65274], your vocabulary could be corrupted!
The OrderedVocab you are attempting to save contains holes for indices [202, 437, 1046, 1057, 1118, 1135, 1150, 1162, 1318, 1445, 1473, 1610, 1626, 1775, 3517, 3643, 4513, 5830, 7834, 12787, 13244, 19712, 25184, 27726, 28024, 31739, 65274], your vocabulary could be corrupted!
The OrderedVocab you are attempting to save contains holes for indices [202, 437, 1046, 1057, 1118, 1135, 1150, 1162, 1318, 1445, 1473, 1610, 1626, 1775, 3517, 3643, 4513, 5830, 7834, 12787, 13244, 19712, 25184, 27726, 28024, 31739, 65274], your vocabulary could be corrupted!
The OrderedVocab you are attempting to save contains holes for indices [202, 437, 1046, 1057, 1118, 1135, 1150, 1162, 1318, 1445, 1473, 1610, 1626, 1775, 3517, 3643, 4513, 5830, 7834, 12787, 13244, 19712, 25184, 27726, 28024, 31739, 65274], your vocabulary could be corrupted!
fold 4 epoch 7: train_loss=0.7825 val_f1_l1=0.5671 val_f1_l2=0.4446 (34.6s)

5-fold mean: level1 macro-F1=0.6119 level2 macro-F1=0.4550
(SYNAPSE paper Malayalam level2 macro-F1: 0.4256; our replication: 0.3183)
